###############################################################################
#                                                                             #
# IAR ANSI C/C++ Compiler V5.30.2.51295/W32 for ARM     11/Apr/2011  13:51:27 #
# Copyright 1999-2009 IAR Systems AB.                                         #
#                                                                             #
#    Cpu mode     =  thumb                                                    #
#    Endian       =  little                                                   #
#    Source file  =  C:\Users\LiYang\Desktop\newest\Demo\source\delay.c       #
#    Command line =  C:\Users\LiYang\Desktop\newest\Demo\source\delay.c -lC   #
#                    C:\Users\LiYang\Desktop\newest\Demo\project\EWARMv5\Debu #
#                    g\List\ -lb C:\Users\LiYang\Desktop\newest\Demo\project\ #
#                    EWARMv5\Debug\List\ -o C:\Users\LiYang\Desktop\newest\De #
#                    mo\project\EWARMv5\Debug\Obj\ --debug --endian=little    #
#                    --cpu=Cortex-M3 -e --fpu=None --dlib_config "E:\Program  #
#                    Files\IAR Systems\Embedded Workbench                     #
#                    5.4\arm\INC\DLib_Config_Full.h" -I                       #
#                    C:\Users\LiYang\Desktop\newest\Demo\project\EWARMv5\..\. #
#                    .\include\ -I C:\Users\LiYang\Desktop\newest\Demo\projec #
#                    t\EWARMv5\..\..\source\ -I C:\Users\LiYang\Desktop\newes #
#                    t\Demo\project\EWARMv5\..\..\..\FWLib\library\inc\ -I    #
#                    C:\Users\LiYang\Desktop\newest\Demo\project\EWARMv5\..\. #
#                    .\..\USBLib\library\inc\ -I                              #
#                    C:\Users\LiYang\Desktop\newest\Demo\project\EWARMv5\..\. #
#                    .\fatfs\ -I "E:\Program Files\IAR Systems\Embedded       #
#                    Workbench 5.4\arm\INC\" -Ohz                             #
#    List file    =  C:\Users\LiYang\Desktop\newest\Demo\project\EWARMv5\Debu #
#                    g\List\delay.lst                                         #
#    Object file  =  C:\Users\LiYang\Desktop\newest\Demo\project\EWARMv5\Debu #
#                    g\Obj\delay.o                                            #
#                                                                             #
#                                                                             #
###############################################################################

C:\Users\LiYang\Desktop\newest\Demo\source\delay.c
      1          
      2          #include "delay.h"
      3          

   \                                 In section .text, align 2, keep-with-next
      4          void delay_us(unsigned int i)
      5           {     
      6             while( i--){}
   \                     delay_us:
   \                     ??delay_us_0:
   \   00000000   0146               MOV      R1,R0
   \   00000002   481E               SUBS     R0,R1,#+1
   \   00000004   0029               CMP      R1,#+0
   \   00000006   FBD1               BNE.N    ??delay_us_0
      7          
      8           }		  
   \   00000008   7047               BX       LR               ;; return
      9          
     10          
     11          

   Maximum stack usage in bytes:

     Function .cstack
     -------- -------
     delay_us      0


   Section sizes:

     Function/Label Bytes
     -------------- -----
     delay_us         10

 
 10 bytes in section .text
 
 10 bytes of CODE memory

Errors: none
Warnings: none
