###############################################################################
#                                                                             #
# IAR ANSI C/C++ Compiler V5.30.0.51174/W32 for ARM     18/May/2011  19:24:31 #
# Copyright 1999-2009 IAR Systems AB.                                         #
#                                                                             #
#    Cpu mode     =  thumb                                                    #
#    Endian       =  little                                                   #
#    Source file  =  C:\Documents and Settings\253642xvvn\桌面\IAR\2.4G_send\ #
#                    Demo\source\testUart.c                                   #
#    Command line =  "C:\Documents and Settings\253642xvvn\桌面\IAR\2.4G_send #
#                    \Demo\source\testUart.c" -lC "C:\Documents and           #
#                    Settings\253642xvvn\桌面\IAR\2.4G_send\Demo\project\EWAR #
#                    Mv5\Debug\List\" -lb "C:\Documents and                   #
#                    Settings\253642xvvn\桌面\IAR\2.4G_send\Demo\project\EWAR #
#                    Mv5\Debug\List\" -o "C:\Documents and                    #
#                    Settings\253642xvvn\桌面\IAR\2.4G_send\Demo\project\EWAR #
#                    Mv5\Debug\Obj\" --no_cse --no_unroll --no_inline         #
#                    --no_code_motion --no_tbaa --no_clustering               #
#                    --no_scheduling --debug --endian=little --cpu=Cortex-M3  #
#                    -e --fpu=None --dlib_config "D:\Program Files\IAR        #
#                    Systems\Embedded Workbench 5.4\arm\INC\DLib_Config_Full. #
#                    h" -I "C:\Documents and Settings\253642xvvn\桌面\IAR\2.4 #
#                    G_send\Demo\project\EWARMv5\..\..\include\" -I           #
#                    "C:\Documents and Settings\253642xvvn\桌面\IAR\2.4G_send #
#                    \Demo\project\EWARMv5\..\..\source\" -I "C:\Documents    #
#                    and Settings\253642xvvn\桌面\IAR\2.4G_send\Demo\project\ #
#                    EWARMv5\..\..\..\FWLib\library\inc\" -I "C:\Documents    #
#                    and Settings\253642xvvn\桌面\IAR\2.4G_send\Demo\project\ #
#                    EWARMv5\..\..\..\USBLib\library\inc\" -I "C:\Documents   #
#                    and Settings\253642xvvn\桌面\IAR\2.4G_send\Demo\project\ #
#                    EWARMv5\..\..\fatfs\" -I "D:\Program Files\IAR           #
#                    Systems\Embedded Workbench 5.4\arm\INC\" -Ol             #
#    List file    =  C:\Documents and Settings\253642xvvn\桌面\IAR\2.4G_send\ #
#                    Demo\project\EWARMv5\Debug\List\testUart.lst             #
#    Object file  =  C:\Documents and Settings\253642xvvn\桌面\IAR\2.4G_send\ #
#                    Demo\project\EWARMv5\Debug\Obj\testUart.o                #
#                                                                             #
#                                                                             #
###############################################################################

C:\Documents and Settings\253642xvvn\桌面\IAR\2.4G_send\Demo\source\testUart.c
      1          #include "main.h"
      2          #include "ringbuf.h"
      3          #include "nrf905.h"
      4          #include "stm32f10x_spi.h"
      5          
      6          #define BIT_RATE 9600
      7          #define USART_CLK 72000000UL
      8          //串口初始化，波特率为9600
      9          void Usart1Init(void)
     10          {
     11          
     12           //设置波特率分频器
     13           pbUSART1_BRR->DIV_Mantissa=(USART_CLK/16/BIT_RATE);
                  ^
Error[Pe020]: identifier "pbUSART1_BRR" is undefined
     14           pbUSART1_BRR->DIV_Fraction=(USART_CLK/BIT_RATE);
     15           //使能串口1
     16           pbUSART1_CR1->UE=1;
                  ^
Error[Pe020]: identifier "pbUSART1_CR1" is undefined
     17           //0: 1 Start bit, 8 Data bits, n Stop bit
     18           pbUSART1_CR1->M=0;
     19           //禁止奇偶校验
     20           pbUSART1_CR1->PCE=0;
     21           //禁止串口1的所有中断
     22           pbUSART1_CR1->PEIE=0;
     23           pbUSART1_CR1->TXEIE=0;
     24           pbUSART1_CR1->TCIE=0;
     25           pbUSART1_CR1->RXNEIE=0;
     26           pbUSART1_CR1->IDLEIE=0;
     27           //使能串口1发送
     28           pbUSART1_CR1->TE=1;
     29           //使能串口1接收
     30           pbUSART1_CR1->RE=1;
     31           //1位停止位
     32           pbUSART1_CR2->STOP=0;
                  ^
Error[Pe020]: identifier "pbUSART1_CR2" is undefined
     33           //禁止LIN Break Detection Interrupt
     34           pbUSART1_CR2->LBDIE=0;
     35           pbUSART1_CR3->CTSIE=0;
                  ^
Error[Pe020]: identifier "pbUSART1_CR3" is undefined
     36           pbUSART1_CR3->CTSE=0;
     37           pbUSART1_CR3->RTSE=0;
     38           pbUSART1_CR3->DMAT=0;
     39           pbUSART1_CR3->DMAR=0;
     40           pbUSART1_CR3->SCEN=0;
     41           pbUSART1_CR3->NACK=0;
     42           pbUSART1_CR3->HDSEL=0;
     43           pbUSART1_CR3->IRLP=0;
     44           pbUSART1_CR3->IREN=0;
     45           pbUSART1_CR3->EIE=0;
     46           //TXD引脚设置（连接在PA9上）
     47           GPIOA_MODE9=3; //50MHz 输出模式
                  ^
Error[Pe020]: identifier "GPIOA_MODE9" is undefined
     48           GPIOA_CNF9=2; //第二功能推挽输出模式
                  ^
Error[Pe020]: identifier "GPIOA_CNF9" is undefined
     49           //RXD引脚设置（连接在PA10上）
     50           GPIOA_MODE10=0; //输入模式
                  ^
Error[Pe020]: identifier "GPIOA_MODE10" is undefined
     51           GPIOA_CNF10=1; //高阻输入
                  ^
Error[Pe020]: identifier "GPIOA_CNF10" is undefined
     52          }
     53          
     54          //从串口1等待1字节数据
     55          unsigned char Usart1GetChar(void)
     56          {
     57           while(!pbUSART1_SR->RXNE);
                         ^
Error[Pe020]: identifier "pbUSART1_SR" is undefined
     58           return pbUSART1_DR->DR;
                         ^
Error[Pe020]: identifier "pbUSART1_DR" is undefined
     59          }
     60          //往串口1发送1字节
     61          void Usart1PutChar(unsigned char Value)
     62          {
     63           while(!pbUSART1_SR->TXE);
                         ^
Error[Pe020]: identifier "pbUSART1_SR" is undefined
     64           pbUSART1_DR->DR=Value;
                  ^
Error[Pe020]: identifier "pbUSART1_DR" is undefined
     65          }
     66          
     67          //往串口1发送一个字符串
     68          void Usart1PutString(unsigned char *pString)
     69          {
     70           unsigned int i;
     71           i=0;
     72           while(pString[i])
     73           {
     74           Usart1PutChar(pString[i]);
     75           i++;
     76           }
     77          }
     78          
     79          

Errors: 12
Warnings: none
